// Jest Snapshot v1, https://goo.gl/fbAQLP

exports[`snapshot test 1`] = `
Object {
  "asFragment": [Function],
  "baseElement": <body>
    <div>
      <div>
        <div
          class="allPolls"
        >
          <h2>
            New
          </h2>
          <div
            class="newDiv"
          >
            <div
              class="card"
              style="width: 10rem;"
            >
              <img
                class="card-img-top"
                src="https://cdn-icons-png.flaticon.com/512/906/906517.png?w=826&t=st=1657799200~exp=1657799800~hmac=20bd50505bd74d5b031492d5ec069dde6ccab1df5dc68780fff92f18e077fb39"
              />
              <div
                class="card-body"
              >
                <div
                  class="card-title h5"
                >
                  mtsamis
                </div>
                <p
                  class="card-text"
                >
                  12:16AM | 5/1/2017
                </p>
                <button
                  class="btn btn-primary"
                  type="button"
                >
                  View Poll
                </button>
              </div>
            </div>
            <div
              class="card"
              style="width: 10rem;"
            >
              <img
                class="card-img-top"
                src="https://img.freepik.com/free-vector/mysterious-mafia-man-smoking-cigarette_52683-34828.jpg?w=826&t=st=1657799167~exp=1657799767~hmac=c1cbdd88932e07e6fcc74ea2b439f3753450185c273062f3647a9e37472d2579"
              />
              <div
                class="card-body"
              >
                <div
                  class="card-title h5"
                >
                  tylermcginnis
                </div>
                <p
                  class="card-text"
                >
                  5:09:PM | 3/15/2017
                </p>
                <button
                  class="btn btn-primary"
                  type="button"
                >
                  View Poll
                </button>
              </div>
            </div>
            <div
              class="card"
              style="width: 10rem;"
            >
              <img
                class="card-img-top"
                src="https://img.freepik.com/free-vector/businessman-character-avatar-isolated_24877-60111.jpg?t=st=1657795176~exp=1657795776~hmac=6042db2b97f05e44e5e14a3ab210cd1685d929777cf37a3a4aa25fcc3cbacf33&w=826"
              />
              <div
                class="card-body"
              >
                <div
                  class="card-title h5"
                >
                  sarahedo
                </div>
                <p
                  class="card-text"
                >
                  3:22:AM | 3/4/2017
                </p>
                <button
                  class="btn btn-primary"
                  type="button"
                >
                  View Poll
                </button>
              </div>
            </div>
            <div
              class="card"
              style="width: 10rem;"
            >
              <img
                class="card-img-top"
                src="https://img.freepik.com/free-vector/mysterious-mafia-man-smoking-cigarette_52683-34828.jpg?w=826&t=st=1657799167~exp=1657799767~hmac=c1cbdd88932e07e6fcc74ea2b439f3753450185c273062f3647a9e37472d2579"
              />
              <div
                class="card-body"
              >
                <div
                  class="card-title h5"
                >
                  tylermcginnis
                </div>
                <p
                  class="card-text"
                >
                  4:42:PM | 12/24/2016
                </p>
                <button
                  class="btn btn-primary"
                  type="button"
                >
                  View Poll
                </button>
              </div>
            </div>
            <div
              class="card"
              style="width: 10rem;"
            >
              <img
                class="card-img-top"
                src="https://cdn-icons-png.flaticon.com/512/906/906517.png?w=826&t=st=1657799200~exp=1657799800~hmac=20bd50505bd74d5b031492d5ec069dde6ccab1df5dc68780fff92f18e077fb39"
              />
              <div
                class="card-body"
              >
                <div
                  class="card-title h5"
                >
                  mtsamis
                </div>
                <p
                  class="card-text"
                >
                  12:02PM | 7/14/2016
                </p>
                <button
                  class="btn btn-primary"
                  type="button"
                >
                  View Poll
                </button>
              </div>
            </div>
            <div
              class="card"
              style="width: 10rem;"
            >
              <img
                class="card-img-top"
                src="https://img.freepik.com/free-vector/businessman-character-avatar-isolated_24877-60111.jpg?t=st=1657795176~exp=1657795776~hmac=6042db2b97f05e44e5e14a3ab210cd1685d929777cf37a3a4aa25fcc3cbacf33&w=826"
              />
              <div
                class="card-body"
              >
                <div
                  class="card-title h5"
                >
                  sarahedo
                </div>
                <p
                  class="card-text"
                >
                  7:21:AM | 6/29/2016
                </p>
                <button
                  class="btn btn-primary"
                  type="button"
                >
                  View Poll
                </button>
              </div>
            </div>
          </div>
        </div>
        <div>
          <h2>
            Done
          </h2>
          <div
            class="oldDiv"
          />
        </div>
      </div>
    </div>
  </body>,
  "container": <div>
    <div>
      <div
        class="allPolls"
      >
        <h2>
          New
        </h2>
        <div
          class="newDiv"
        >
          <div
            class="card"
            style="width: 10rem;"
          >
            <img
              class="card-img-top"
              src="https://cdn-icons-png.flaticon.com/512/906/906517.png?w=826&t=st=1657799200~exp=1657799800~hmac=20bd50505bd74d5b031492d5ec069dde6ccab1df5dc68780fff92f18e077fb39"
            />
            <div
              class="card-body"
            >
              <div
                class="card-title h5"
              >
                mtsamis
              </div>
              <p
                class="card-text"
              >
                12:16AM | 5/1/2017
              </p>
              <button
                class="btn btn-primary"
                type="button"
              >
                View Poll
              </button>
            </div>
          </div>
          <div
            class="card"
            style="width: 10rem;"
          >
            <img
              class="card-img-top"
              src="https://img.freepik.com/free-vector/mysterious-mafia-man-smoking-cigarette_52683-34828.jpg?w=826&t=st=1657799167~exp=1657799767~hmac=c1cbdd88932e07e6fcc74ea2b439f3753450185c273062f3647a9e37472d2579"
            />
            <div
              class="card-body"
            >
              <div
                class="card-title h5"
              >
                tylermcginnis
              </div>
              <p
                class="card-text"
              >
                5:09:PM | 3/15/2017
              </p>
              <button
                class="btn btn-primary"
                type="button"
              >
                View Poll
              </button>
            </div>
          </div>
          <div
            class="card"
            style="width: 10rem;"
          >
            <img
              class="card-img-top"
              src="https://img.freepik.com/free-vector/businessman-character-avatar-isolated_24877-60111.jpg?t=st=1657795176~exp=1657795776~hmac=6042db2b97f05e44e5e14a3ab210cd1685d929777cf37a3a4aa25fcc3cbacf33&w=826"
            />
            <div
              class="card-body"
            >
              <div
                class="card-title h5"
              >
                sarahedo
              </div>
              <p
                class="card-text"
              >
                3:22:AM | 3/4/2017
              </p>
              <button
                class="btn btn-primary"
                type="button"
              >
                View Poll
              </button>
            </div>
          </div>
          <div
            class="card"
            style="width: 10rem;"
          >
            <img
              class="card-img-top"
              src="https://img.freepik.com/free-vector/mysterious-mafia-man-smoking-cigarette_52683-34828.jpg?w=826&t=st=1657799167~exp=1657799767~hmac=c1cbdd88932e07e6fcc74ea2b439f3753450185c273062f3647a9e37472d2579"
            />
            <div
              class="card-body"
            >
              <div
                class="card-title h5"
              >
                tylermcginnis
              </div>
              <p
                class="card-text"
              >
                4:42:PM | 12/24/2016
              </p>
              <button
                class="btn btn-primary"
                type="button"
              >
                View Poll
              </button>
            </div>
          </div>
          <div
            class="card"
            style="width: 10rem;"
          >
            <img
              class="card-img-top"
              src="https://cdn-icons-png.flaticon.com/512/906/906517.png?w=826&t=st=1657799200~exp=1657799800~hmac=20bd50505bd74d5b031492d5ec069dde6ccab1df5dc68780fff92f18e077fb39"
            />
            <div
              class="card-body"
            >
              <div
                class="card-title h5"
              >
                mtsamis
              </div>
              <p
                class="card-text"
              >
                12:02PM | 7/14/2016
              </p>
              <button
                class="btn btn-primary"
                type="button"
              >
                View Poll
              </button>
            </div>
          </div>
          <div
            class="card"
            style="width: 10rem;"
          >
            <img
              class="card-img-top"
              src="https://img.freepik.com/free-vector/businessman-character-avatar-isolated_24877-60111.jpg?t=st=1657795176~exp=1657795776~hmac=6042db2b97f05e44e5e14a3ab210cd1685d929777cf37a3a4aa25fcc3cbacf33&w=826"
            />
            <div
              class="card-body"
            >
              <div
                class="card-title h5"
              >
                sarahedo
              </div>
              <p
                class="card-text"
              >
                7:21:AM | 6/29/2016
              </p>
              <button
                class="btn btn-primary"
                type="button"
              >
                View Poll
              </button>
            </div>
          </div>
        </div>
      </div>
      <div>
        <h2>
          Done
        </h2>
        <div
          class="oldDiv"
        />
      </div>
    </div>
  </div>,
  "debug": [Function],
  "findAllByAltText": [Function],
  "findAllByDisplayValue": [Function],
  "findAllByLabelText": [Function],
  "findAllByPlaceholderText": [Function],
  "findAllByRole": [Function],
  "findAllByTestId": [Function],
  "findAllByText": [Function],
  "findAllByTitle": [Function],
  "findByAltText": [Function],
  "findByDisplayValue": [Function],
  "findByLabelText": [Function],
  "findByPlaceholderText": [Function],
  "findByRole": [Function],
  "findByTestId": [Function],
  "findByText": [Function],
  "findByTitle": [Function],
  "getAllByAltText": [Function],
  "getAllByDisplayValue": [Function],
  "getAllByLabelText": [Function],
  "getAllByPlaceholderText": [Function],
  "getAllByRole": [Function],
  "getAllByTestId": [Function],
  "getAllByText": [Function],
  "getAllByTitle": [Function],
  "getByAltText": [Function],
  "getByDisplayValue": [Function],
  "getByLabelText": [Function],
  "getByPlaceholderText": [Function],
  "getByRole": [Function],
  "getByTestId": [Function],
  "getByText": [Function],
  "getByTitle": [Function],
  "queryAllByAltText": [Function],
  "queryAllByDisplayValue": [Function],
  "queryAllByLabelText": [Function],
  "queryAllByPlaceholderText": [Function],
  "queryAllByRole": [Function],
  "queryAllByTestId": [Function],
  "queryAllByText": [Function],
  "queryAllByTitle": [Function],
  "queryByAltText": [Function],
  "queryByDisplayValue": [Function],
  "queryByLabelText": [Function],
  "queryByPlaceholderText": [Function],
  "queryByRole": [Function],
  "queryByTestId": [Function],
  "queryByText": [Function],
  "queryByTitle": [Function],
  "rerender": [Function],
  "unmount": [Function],
}
`;
